// Jest Snapshot v1, https://goo.gl/fbAQLP

exports[`svg.ts Path commands parameter and getCommandString Normal 1`] = `
Array [
  Command {
    "type": "M",
    "value": Array [
      0,
      0,
    ],
  },
  Command {
    "type": "L",
    "value": Array [
      1,
      1,
    ],
  },
  Command {
    "type": "L",
    "value": Array [
      -1,
      -1,
    ],
  },
]
`;

exports[`svg.ts Path commands parameter and getCommandString Normal 2`] = `"M 0 0 L 1 1 L -1 -1"`;

exports[`svg.ts Path toJson and toElement toElement 1`] = `
<path
  d="M 0 0 L 1 1 L 2 1 L 3 0"
/>
`;

exports[`svg.ts Path toJson and toElement toJson 1`] = `
Object {
  "d": "M 0 0 L 1 1 L 2 1 L 3 0",
}
`;

exports[`svg.ts Svg download svg download 1`] = `
Object {
  "data": "data:image/svg+xml;base64,PHN2ZyB2ZXJzaW9uPSIxLjEiIHhtbG5zPSJodHRwOi8vd3d3LnczLm9yZy8yMDAwL3N2ZyIgeG1sbnM6eGxpbms9Imh0dHA6Ly93d3cudzMub3JnLzE5OTkveGxpbmsiIGhlaWdodD0iNCIgd2lkdGg9IjQiPjxwYXRoIGQ9Ik0gMCAwIEMgMC4yIDAuMiAwLjYgMC44IDEgMSBDIDEuNCAxLjIgMS42IDEuMiAyIDEgQyAyLjQgMC44IDIuOCAwLjIgMyAwIj48L3BhdGg+PHBhdGggZD0iTSA0IDQgTCA5IDQgTCA5IDggTCAzIDAgWiIgc3Ryb2tlLWxpbmVjYXA9InNxdWFyZSIgc3Ryb2tlLWxpbmVqb2luPSJtaXR0ZXIiPjwvcGF0aD48L3N2Zz4=",
  "extension": "svg",
}
`;

exports[`svg.ts Svg parseSVGElement 1`] = `
Svg {
  "background": undefined,
  "height": 400,
  "paths": Array [
    Path {
      "attrs": Object {
        "fill": "#f00",
        "stroke": "#00f",
        "strokeWidth": "8",
      },
      "commands": Array [
        Command {
          "type": "M",
          "value": Array [
            2,
            2,
          ],
        },
        Command {
          "type": "L",
          "value": Array [
            4,
            4,
          ],
        },
        Command {
          "type": "C",
          "value": Array [
            6,
            6,
            10,
            6,
            14,
            6,
          ],
        },
        Command {
          "type": "Z",
          "value": Array [],
        },
      ],
    },
  ],
  "width": 400,
}
`;

exports[`svg.ts Svg parseSVGString 1`] = `
Svg {
  "background": undefined,
  "height": 400,
  "paths": Array [
    Path {
      "attrs": Object {
        "fill": "#f00",
        "stroke": "#00f",
        "strokeWidth": "8",
      },
      "commands": Array [
        Command {
          "type": "M",
          "value": Array [
            2,
            2,
          ],
        },
        Command {
          "type": "L",
          "value": Array [
            4,
            4,
          ],
        },
        Command {
          "type": "C",
          "value": Array [
            6,
            6,
            10,
            6,
            14,
            6,
          ],
        },
        Command {
          "type": "Z",
          "value": Array [],
        },
      ],
    },
  ],
  "width": 400,
}
`;

exports[`svg.ts Svg toBase64 1`] = `"data:image/svg+xml;base64,PHN2ZyB2ZXJzaW9uPSIxLjEiIHhtbG5zPSJodHRwOi8vd3d3LnczLm9yZy8yMDAwL3N2ZyIgeG1sbnM6eGxpbms9Imh0dHA6Ly93d3cudzMub3JnLzE5OTkveGxpbmsiIGhlaWdodD0iNTAwIiB3aWR0aD0iNTAwIj48cGF0aCBkPSJNIDAgMCBDIDAuMiAwLjIgMC42IDAuOCAxIDEgQyAxLjQgMS4yIDEuNiAxLjIgMiAxIEMgMi40IDAuOCAyLjggMC4yIDMgMCI+PC9wYXRoPjxwYXRoIGQ9Ik0gNCA0IEwgOSA0IEwgOSA4IEwgMyAwIFoiIHN0cm9rZS1saW5lY2FwPSJzcXVhcmUiIHN0cm9rZS1saW5lam9pbj0ibWl0dGVyIj48L3BhdGg+PC9zdmc+"`;

exports[`svg.ts Svg toElement 1`] = `
<svg
  height="500"
  version="1.1"
  width="500"
  xmlns="http://www.w3.org/2000/svg"
  xmlns:xlink="http://www.w3.org/1999/xlink"
>
  <path
    d="M 0 0 C 0.2 0.2 0.6 0.8 1 1 C 1.4 1.2 1.6 1.2 2 1 C 2.4 0.8 2.8 0.2 3 0"
  />
  <path
    d="M 4 4 L 9 4 L 9 8 L 3 0 Z"
    stroke-linecap="square"
    stroke-linejoin="mitter"
  />
</svg>
`;

exports[`svg.ts Svg toJson 1`] = `
Object {
  "background": undefined,
  "height": 500,
  "paths": Array [
    Object {
      "d": "M 0 0 C 0.2 0.2 0.6 0.8 1 1 C 1.4 1.2 1.6 1.2 2 1 C 2.4 0.8 2.8 0.2 3 0",
    },
    Object {
      "d": "M 4 4 L 9 4 L 9 8 L 3 0 Z",
      "strokeLinecap": "square",
      "strokeLinejoin": "mitter",
    },
  ],
  "width": 500,
}
`;
