// Jest Snapshot v1, https://goo.gl/fbAQLP

exports[`animation.ts SvgAnimation init 1`] = `
SvgAnimation {
  "_anim": null,
  "_repeatCount": "indefinite",
  "_restorePaths": Array [],
  "_stop": null,
  "_stopId": 0,
  "background": undefined,
  "el": <div>
    <svg
      height="0"
      version="1.1"
      width="0"
      xmlns="http://www.w3.org/2000/svg"
      xmlns:xlink="http://www.w3.org/1999/xlink"
    />
  </div>,
  "height": 0,
  "left": 0,
  "ms": 60,
  "paths": Array [
    Path {
      "attrs": Object {
        "fill": "#f00",
        "stroke": "#00f",
        "strokeWidth": "4",
      },
      "commands": Array [
        Command {
          "type": "M",
          "value": Array [
            1,
            1,
          ],
        },
        Command {
          "type": "L",
          "value": Array [
            2,
            2,
          ],
        },
        Command {
          "type": "C",
          "value": Array [
            3,
            3,
            5,
            3,
            7,
            3,
          ],
        },
        Command {
          "type": "Z",
          "value": Array [],
        },
      ],
    },
    Path {
      "attrs": Object {
        "fill": "#ff0",
        "stroke": "#f0f",
        "strokeWidth": "2",
      },
      "commands": Array [
        Command {
          "type": "M",
          "value": Array [
            2,
            2,
          ],
        },
        Command {
          "type": "L",
          "value": Array [
            4,
            4,
          ],
        },
        Command {
          "type": "C",
          "value": Array [
            6,
            6,
            10,
            6,
            14,
            6,
          ],
        },
        Command {
          "type": "Z",
          "value": Array [],
        },
      ],
    },
  ],
  "top": 0,
  "width": 0,
}
`;

exports[`animation.ts SvgAnimation toAnimationElement 1`] = `
<svg
  height="0"
  version="1.1"
  width="0"
  xmlns="http://www.w3.org/2000/svg"
  xmlns:xlink="http://www.w3.org/1999/xlink"
>
  <path
    d="M 1 1 L 2 2 C 3 3 5 3 7 3 Z"
    fill="#f00"
    id="t0"
    stroke="#00f"
    stroke-width="4"
  >
    <animate
      attributeName="d"
      dur="480ms"
      keyTimes="0;0.125;0.25;0.375;0.5;0.625;0.75;0.875;1"
      repeatCount="indefinite"
      values="M 1 1 L 2 2 C 3 3 5 3 7 3 Z;M 1 1;M 1 1;M 1 1 L 2 2;M 1 1 L 2 2 C 3 3 5 3 7 3;M 1 1 L 2 2 C 3 3 5 3 7 3 Z;M 1 1 L 2 2 C 3 3 5 3 7 3 Z;M 1 1 L 2 2 C 3 3 5 3 7 3 Z;M 1 1 L 2 2 C 3 3 5 3 7 3 Z"
    />
    <animate
      attributeName="stroke"
      dur="480ms"
      keyTimes="0;0.125;0.25;0.375;0.5;0.625;0.75;0.875;1"
      repeatCount="indefinite"
      values="#00f;#0ff;#00f;#0ff;#00f;#0ff;#00f;#0ff;#00f"
    />
  </path>
  <path
    d="M 2 2 L 4 4 C 6 6 10 6 14 6 Z"
    fill="#ff0"
    id="t1"
    stroke="#f0f"
    stroke-width="2"
  >
    <animate
      attributeName="d"
      dur="480ms"
      keyTimes="0;0.125;0.25;0.375;0.5;0.625;0.75;0.875;1"
      repeatCount="indefinite"
      values="M 2 2 L 4 4 C 6 6 10 6 14 6 Z;M 2 2;M 2 2;M 2 2;M 2 2;M 2 2;M 2 2;M 2 2 L 4 4;M 2 2 L 4 4 C 6 6 10 6 14 6"
    />
    <animate
      attributeName="stroke"
      dur="480ms"
      keyTimes="0;0.125;0.25;0.375;0.5;0.625;0.75;0.875;1"
      repeatCount="indefinite"
      values="#f0f;#f0f;#f0f;#f0f;#f0f;#0ff;#f0f;#0ff;#f0f"
    />
  </path>
</svg>
`;
